2026-06-03 05:28:33 [INFO] WORKOUT_SAVED user_id=2 date=2026-06-03 day=1
2026-06-03 05:31:59 [INFO] LOGIN user_id=2 email=lisinnikita125@gmail.com
2026-06-03 05:32:40 [INFO] WORKOUT_SAVED user_id=2 date=2026-06-03 day=2
2026-06-03 06:05:31 [INFO] WORKOUT_SAVED user_id=2 date=2026-06-03 day=3
2026-06-03 06:05:36 [INFO] WORKOUT_DELETED user_id=2 date=2026-06-03
2026-06-03 07:56:48 [INFO] LOGIN user_id=2 email=lisinnikita125@gmail.com
2026-06-03 14:55:06 [INFO] LOGIN user_id=4 email=tosha_nikitin_90@mail.ru
2026-06-03 17:11:04 [INFO] LOGIN user_id=2 email=lisinnikita125@gmail.com
2026-06-04 05:07:22 [INFO] LOGIN user_id=2 email=lisinnikita125@gmail.com
2026-06-04 05:18:00 [INFO] LOGIN user_id=2 email=lisinnikita125@gmail.com
2026-06-04 05:18:55 [INFO] LOGIN user_id=2 email=lisinnikita125@gmail.com
2026-06-04 09:38:25 [INFO] LOGIN user_id=2 email=lisinnikita125@gmail.com
2026-06-04 16:35:44 [INFO] LOGIN user_id=2 email=lisinnikita125@gmail.com
2026-06-05 05:35:00 [INFO] LOGIN user_id=2 email=lisinnikita125@gmail.com
2026-06-05 07:49:40 [INFO] LOGIN user_id=2 email=lisinnikita125@gmail.com
2026-06-05 09:56:26 [INFO] LOGIN user_id=2 email=lisinnikita125@gmail.com
2026-06-05 13:29:58 [INFO] LOGIN user_id=2 email=lisinnikita125@gmail.com
2026-06-05 18:44:51 [INFO] LOGIN user_id=2 email=lisinnikita125@gmail.com
2026-06-06 05:56:05 [INFO] LOGIN user_id=2 email=lisinnikita125@gmail.com
2026-06-06 15:15:25 [INFO] LOGIN user_id=2 email=lisinnikita125@gmail.com
2026-06-06 15:22:55 [INFO] LOGIN user_id=7 email=ya@lisin-7.ru
2026-06-07 05:37:33 [INFO] LOGIN user_id=2 email=lisinnikita125@gmail.com
2026-06-07 05:38:32 [INFO] LOGIN user_id=2 email=lisinnikita125@gmail.com
2026-06-07 05:39:13 [INFO] WORKOUT_SAVED user_id=2 date=2026-06-07 day=2
2026-06-07 05:39:26 [INFO] WORKOUT_DELETED user_id=2 date=2026-06-07
2026-06-07 05:43:18 [INFO] LOGIN user_id=2 email=lisinnikita125@gmail.com
2026-06-07 05:54:09 [INFO] LOGIN user_id=8 email=ya@lisin-7.ru
2026-06-07 17:34:19 [INFO] LOGIN user_id=2 email=lisinnikita125@gmail.com
2026-06-08 01:37:25 [INFO] LOGIN user_id=2 email=lisinnikita125@gmail.com
2026-06-09 03:49:34 [INFO] LOGIN user_id=2 email=lisinnikita125@gmail.com
2026-06-09 14:04:47 [INFO] LOGIN user_id=2 email=lisinnikita125@gmail.com
2026-06-09 14:52:27 [INFO] LOGIN user_id=2 email=lisinnikita125@gmail.com
2026-06-09 14:54:01 [INFO] LOGIN user_id=9 email=salin72@gmail.com
2026-06-09 15:59:41 [INFO] WORKOUT_SAVED user_id=2 date=2026-06-09 day=3
2026-06-09 15:59:56 [INFO] AI_ANALYZE user_id=2 date=2026-06-09
2026-06-09 16:00:40 [INFO] AI_ANALYZE user_id=2 date=2026-06-09
2026-06-09 16:00:40 [INFO] WORKOUT_SAVED user_id=9 date=2026-06-09 day=1
2026-06-09 16:01:01 [INFO] LOGIN user_id=9 email=salin72@gmail.com
2026-06-09 16:02:21 [INFO] AI_ANALYZE user_id=9 date=2026-06-09
2026-06-09 18:15:43 [INFO] LOGIN user_id=2 email=lisinnikita125@gmail.com
2026-06-09 18:17:56 [INFO] LOGIN user_id=2 email=lisinnikita125@gmail.com
2026-06-09 19:12:41 [INFO] LOGIN user_id=2 email=lisinnikita125@gmail.com
2026-06-09 19:12:41 [INFO] LOGIN user_id=2 email=lisinnikita125@gmail.com
2026-06-09 19:14:53 [ERROR] EMAIL_ERROR to=lisinnikita125@gmail.com subject=Progressor Error error=[Errno 101] Network is unreachable
2026-06-09 19:14:56 [ERROR] EMAIL_ERROR to=lisinnikita125@gmail.com subject=Progressor Error error=[Errno 101] Network is unreachable
2026-06-09 19:34:03 [INFO] AI_ANALYZE user_id=2 date=2026-06-09
2026-06-10 02:10:22 [INFO] LOGIN user_id=2 email=lisinnikita125@gmail.com
2026-06-11 03:48:50 [INFO] LOGIN user_id=2 email=lisinnikita125@gmail.com
2026-06-11 06:23:30 [INFO] LOGIN user_id=2 email=lisinnikita125@gmail.com
2026-06-11 06:40:21 [INFO] LOGIN user_id=2 email=lisinnikita125@gmail.com
2026-06-11 14:02:30 [INFO] LOGIN user_id=2 email=lisinnikita125@gmail.com
2026-06-11 14:53:41 [INFO] WORKOUT_SAVED user_id=2 date=2026-06-11 day=1
2026-06-11 14:53:55 [INFO] AI_ANALYZE user_id=2 date=2026-06-11
2026-06-12 06:37:44 [INFO] LOGIN user_id=2 email=lisinnikita125@gmail.com
2026-06-14 07:41:22 [INFO] LOGIN user_id=2 email=lisinnikita125@gmail.com
2026-06-15 03:45:20 [INFO] LOGIN user_id=2 email=lisinnikita125@gmail.com
2026-06-15 04:02:00 [INFO] LOGIN user_id=2 email=lisinnikita125@gmail.com
2026-06-15 14:25:18 [INFO] LOGIN user_id=2 email=lisinnikita125@gmail.com
2026-06-15 14:28:10 [INFO] EMAIL_SENT to=salin72@gmail.com subject=Сброс пароля — Тренировочный дневник
2026-06-15 14:30:42 [INFO] LOGIN user_id=9 email=salin72@gmail.com
2026-06-15 14:36:23 [INFO] LOGIN user_id=9 email=salin72@gmail.com
2026-06-15 14:38:22 [INFO] LOGIN user_id=9 email=salin72@gmail.com
2026-06-15 15:22:56 [INFO] WORKOUT_SAVED user_id=2 date=2026-06-15 day=2
2026-06-15 15:23:03 [INFO] WORKOUT_SAVED user_id=9 date=2026-06-15 day=3
2026-06-15 15:23:14 [INFO] AI_ANALYZE user_id=2 date=2026-06-15
2026-06-15 15:23:24 [INFO] AI_ANALYZE user_id=9 date=2026-06-15
2026-06-15 16:51:55 [INFO] LOGIN user_id=2 email=lisinnikita125@gmail.com
2026-06-15 17:27:55 [INFO] LOGIN user_id=2 email=lisinnikita125@gmail.com
2026-06-15 17:30:04 [INFO] LOGIN user_id=2 email=lisinnikita125@gmail.com
2026-06-15 17:31:51 [INFO] LOGIN user_id=2 email=lisinnikita125@gmail.com
2026-06-15 19:06:04 [INFO] LOGIN user_id=2 email=lisinnikita125@gmail.com
2026-06-16 02:13:12 [INFO] LOGIN user_id=2 email=lisinnikita125@gmail.com
2026-06-17 03:45:41 [INFO] LOGIN user_id=2 email=lisinnikita125@gmail.com
2026-06-17 13:31:26 [INFO] LOGIN user_id=2 email=lisinnikita125@gmail.com
2026-06-17 14:14:14 [INFO] WORKOUT_SAVED user_id=2 date=2026-06-17 day=3
2026-06-17 14:18:20 [INFO] AI_ANALYZE user_id=2 date=2026-06-17
2026-06-18 01:52:55 [INFO] LOGIN user_id=2 email=lisinnikita125@gmail.com
2026-06-19 03:33:08 [INFO] LOGIN user_id=2 email=lisinnikita125@gmail.com
2026-06-20 03:44:24 [INFO] LOGIN user_id=2 email=lisinnikita125@gmail.com
2026-06-21 03:00:37 [INFO] LOGIN user_id=2 email=lisinnikita125@gmail.com
2026-06-22 03:45:26 [INFO] LOGIN user_id=2 email=lisinnikita125@gmail.com
2026-06-22 14:15:28 [INFO] LOGIN user_id=9 email=salin72@gmail.com
2026-06-22 14:16:44 [INFO] LOGIN user_id=9 email=salin72@gmail.com
2026-06-22 14:19:18 [INFO] LOGIN user_id=2 email=lisinnikita125@gmail.com
2026-06-22 14:20:28 [INFO] LOGIN user_id=2 email=lisinnikita125@gmail.com
2026-06-22 15:13:55 [INFO] WORKOUT_SAVED user_id=9 date=2026-06-22 day=3
2026-06-22 15:14:09 [INFO] AI_ANALYZE user_id=9 date=2026-06-22
2026-06-22 15:17:50 [INFO] WORKOUT_SAVED user_id=2 date=2026-06-22 day=1
2026-06-22 16:38:53 [INFO] AI_ANALYZE user_id=2 date=2026-06-22
2026-06-24 03:33:39 [INFO] LOGIN user_id=2 email=lisinnikita125@gmail.com
2026-06-24 04:21:36 [INFO] LOGIN user_id=2 email=lisinnikita125@gmail.com
2026-06-24 13:49:46 [INFO] LOGIN user_id=2 email=lisinnikita125@gmail.com
2026-06-24 14:03:41 [INFO] LOGIN user_id=9 email=salin72@gmail.com
2026-06-24 14:34:59 [INFO] WORKOUT_SAVED user_id=2 date=2026-06-24 day=2
2026-06-24 14:45:09 [INFO] AI_ANALYZE user_id=2 date=2026-06-24
2026-06-25 02:26:13 [INFO] LOGIN user_id=2 email=lisinnikita125@gmail.com
2026-06-26 04:57:05 [INFO] LOGIN user_id=2 email=lisinnikita125@gmail.com
2026-06-26 12:31:08 [INFO] LOGIN user_id=2 email=lisinnikita125@gmail.com
2026-06-26 13:13:50 [INFO] WORKOUT_SAVED user_id=2 date=2026-06-26 day=3
2026-06-26 13:33:58 [INFO] AI_ANALYZE user_id=2 date=2026-06-26
2026-06-27 03:29:07 [INFO] LOGIN user_id=2 email=lisinnikita125@gmail.com
2026-06-27 03:29:07 [INFO] LOGIN user_id=2 email=lisinnikita125@gmail.com
2026-06-27 03:29:08 [INFO] LOGIN user_id=2 email=lisinnikita125@gmail.com
2026-06-28 04:41:17 [INFO] LOGIN user_id=2 email=lisinnikita125@gmail.com
2026-06-29 14:06:32 [INFO] LOGIN user_id=2 email=lisinnikita125@gmail.com
2026-06-29 14:06:44 [INFO] LOGIN user_id=9 email=salin72@gmail.com
2026-06-29 15:07:07 [INFO] WORKOUT_SAVED user_id=2 date=2026-06-29 day=1
2026-06-29 15:09:45 [INFO] WORKOUT_SAVED user_id=9 date=2026-06-29 day=1
2026-06-29 15:19:29 [INFO] AI_ANALYZE user_id=2 date=2026-06-29
2026-07-01 10:52:47 [INFO] LOGIN user_id=2 email=lisinnikita125@gmail.com
2026-07-03 12:59:04 [INFO] LOGIN user_id=2 email=lisinnikita125@gmail.com
2026-07-03 13:39:57 [INFO] WORKOUT_SAVED user_id=2 date=2026-07-03 day=2
2026-07-03 16:41:57 [INFO] LOGIN user_id=2 email=lisinnikita125@gmail.com
2026-07-03 16:41:57 [INFO] LOGIN user_id=2 email=lisinnikita125@gmail.com
2026-07-03 16:41:57 [INFO] LOGIN user_id=2 email=lisinnikita125@gmail.com
2026-07-04 07:18:29 [INFO] LOGIN user_id=2 email=lisinnikita125@gmail.com
2026-07-04 07:19:04 [INFO] AI_ANALYZE user_id=2 date=2026-07-03
2026-07-05 12:55:20 [INFO] LOGIN user_id=2 email=lisinnikita125@gmail.com
2026-07-05 12:56:25 [INFO] LOGIN user_id=9 email=salin72@gmail.com
2026-07-05 13:51:52 [INFO] WORKOUT_SAVED user_id=2 date=2026-07-05 day=3
2026-07-05 13:55:34 [INFO] WORKOUT_SAVED user_id=9 date=2026-07-05 day=2
2026-07-06 14:10:32 [INFO] LOGIN user_id=9 email=salin72@gmail.com
2026-07-06 14:15:31 [INFO] LOGIN user_id=2 email=lisinnikita125@gmail.com
2026-07-06 15:18:09 [INFO] WORKOUT_SAVED user_id=2 date=2026-07-06 day=1
2026-07-07 04:40:27 [INFO] LOGIN user_id=2 email=lisinnikita125@gmail.com
2026-07-08 13:49:06 [INFO] LOGIN user_id=2 email=lisinnikita125@gmail.com
2026-07-08 13:49:06 [INFO] LOGIN user_id=9 email=salin72@gmail.com
2026-07-08 13:51:13 [INFO] LOGIN user_id=2 email=lisinnikita125@gmail.com
2026-07-08 14:41:07 [INFO] WORKOUT_SAVED user_id=9 date=2026-07-08 day=1
2026-07-08 14:41:31 [INFO] WORKOUT_SAVED user_id=2 date=2026-07-08 day=2
2026-07-14 13:57:08 [INFO] LOGIN user_id=2 email=lisinnikita125@gmail.com
2026-07-14 14:00:29 [INFO] LOGIN user_id=9 email=salin72@gmail.com
2026-07-14 14:00:29 [INFO] LOGIN user_id=9 email=salin72@gmail.com
2026-07-14 14:01:18 [INFO] LOGIN user_id=9 email=salin72@gmail.com
2026-07-14 14:59:52 [INFO] WORKOUT_SAVED user_id=2 date=2026-07-14 day=3
2026-07-14 15:05:17 [INFO] WORKOUT_SAVED user_id=9 date=2026-07-14 day=2
2026-07-16 13:41:07 [INFO] LOGIN user_id=2 email=lisinnikita125@gmail.com
2026-07-16 13:41:25 [INFO] LOGIN user_id=9 email=salin72@gmail.com
2026-07-16 14:35:20 [INFO] WORKOUT_SAVED user_id=9 date=2026-07-16 day=3
2026-07-16 14:39:45 [INFO] WORKOUT_SAVED user_id=2 date=2026-07-16 day=1
2026-07-17 16:40:16 [INFO] LOGIN user_id=2 email=lisinnikita125@gmail.com
2026-07-18 17:39:20 [INFO] LOGIN user_id=2 email=lisinnikita125@gmail.com
2026-07-20 14:09:44 [INFO] LOGIN user_id=2 email=lisinnikita125@gmail.com
2026-07-20 14:11:23 [INFO] LOGIN user_id=2 email=lisinnikita125@gmail.com
2026-07-20 14:12:16 [INFO] LOGIN user_id=2 email=lisinnikita125@gmail.com
2026-07-20 14:14:14 [INFO] LOGIN user_id=2 email=lisinnikita125@gmail.com
2026-07-20 14:14:56 [INFO] LOGIN user_id=9 email=salin72@gmail.com
2026-07-20 14:17:34 [INFO] LOGIN user_id=9 email=salin72@gmail.com
2026-07-20 15:12:29 [INFO] WORKOUT_SAVED user_id=2 date=2026-07-20 day=2
2026-07-20 15:19:03 [INFO] WORKOUT_SAVED user_id=9 date=2026-07-20 day=1
2026-07-20 15:19:27 [INFO] AI_ANALYZE user_id=9 date=2026-07-20
2026-07-22 13:50:21 [INFO] LOGIN user_id=9 email=salin72@gmail.com
2026-07-22 13:50:22 [INFO] LOGIN user_id=9 email=salin72@gmail.com
2026-07-22 13:50:50 [INFO] LOGIN user_id=2 email=lisinnikita125@gmail.com
2026-07-22 14:43:19 [INFO] WORKOUT_SAVED user_id=9 date=2026-07-22 day=2
2026-07-22 14:45:40 [INFO] WORKOUT_SAVED user_id=2 date=2026-07-22 day=1
2026-07-28 14:02:46 [INFO] LOGIN user_id=2 email=lisinnikita125@gmail.com
